
> workspace@0.0.0 build C:\Users\aabda\OneDrive\Desktop\call center prej\ai-call-command
> pnpm run typecheck && pnpm -r --if-present run build


> workspace@0.0.0 typecheck C:\Users\aabda\OneDrive\Desktop\call center prej\ai-call-command
> pnpm run typecheck:libs && pnpm -r --filter "./artifacts/**" --filter "./scripts" --if-present run typecheck


> workspace@0.0.0 typecheck:libs C:\Users\aabda\OneDrive\Desktop\call center prej\ai-call-command
> tsc --build

Scope: 4 of 9 workspace projects
artifacts/api-server typecheck$ tsc -p tsconfig.json --noEmit
artifacts/mockup-sandbox typecheck$ tsc -p tsconfig.json --noEmit
scripts typecheck$ tsc -p tsconfig.json --noEmit
artifacts/voxa typecheck$ tsc -p tsconfig.json --noEmit
scripts typecheck: Done
artifacts/api-server typecheck: Done
artifacts/mockup-sandbox typecheck: Done
artifacts/voxa typecheck: Done
Scope: 8 of 9 workspace projects
artifacts/mockup-sandbox build$ vite build
artifacts/mockup-sandbox build: [31mfailed to load config from C:\Users\aabda\OneDrive\Desktop\call center prej\ai-call-command\artifacts\mockup-sandbox\vite.config.ts[39m
artifacts/mockup-sandbox build: [31merror during build:
artifacts/mockup-sandbox build: Error: Cannot find module '../lightningcss.win32-x64-msvc.node'
artifacts/mockup-sandbox build: Require stack:
artifacts/mockup-sandbox build: - C:\Users\aabda\OneDrive\Desktop\call center prej\ai-call-command\node_modules\.pnpm\lightningcss@1.31.1\node_modules\lightningcss\node\index.js
artifacts/mockup-sandbox build:     at Function._resolveFilename (node:internal/modules/cjs/loader:1383:15)
artifacts/mockup-sandbox build:     at defaultResolveImpl (node:internal/modules/cjs/loader:1025:19)
artifacts/mockup-sandbox build:     at resolveForCJSWithHooks (node:internal/modules/cjs/loader:1030:22)
artifacts/mockup-sandbox build:     at Function._load (node:internal/modules/cjs/loader:1192:37)
artifacts/mockup-sandbox build:     at TracingChannel.traceSync (node:diagnostics_channel:322:14)
artifacts/mockup-sandbox build:     at wrapModuleLoad (node:internal/modules/cjs/loader:237:24)
artifacts/mockup-sandbox build:     at Module.require (node:internal/modules/cjs/loader:1463:12)
artifacts/mockup-sandbox build:     at require (node:internal/modules/helpers:147:16)
artifacts/mockup-sandbox build:     at Object.<anonymous> (C:\Users\aabda\OneDrive\Desktop\call center prej\ai-call-command\node_modules\.pnpm\lightningcss@1.31.1\node_modules\lightningcss\node\index.js:22:22)
artifacts/mockup-sandbox build:     at Module._compile (node:internal/modules/cjs/loader:1706:14)[39m
artifacts/mockup-sandbox build: Failed
C:\Users\aabda\OneDrive\Desktop\call center prej\ai-call-command\artifacts\mockup-sandbox:
ظëERR_PNPM_RECURSIVE_RUN_FIRST_FAILظë @workspace/mockup-sandbox@2.0.0 build: `vite build`
Exit status 1
ظëELIFECYCLEظë Command failed with exit code 1.
